root@sysadm:# lsblk
NAME                  MAJ:MIN RM  SIZE RO TYPE MOUNTPOINTS
sda                     8:0    0   20G  0 disk
├─sda1                  8:1    0  487M  0 part /boot
├─sda2                  8:2    0    1K  0 part
└─sda5                  8:5    0 19.5G  0 part
  ├─sysadm--vg-root   254:0    0  6.8G  0 lvm  /
  ├─sysadm--vg-swap_1 254:1    0  976M  0 lvm  [SWAP]
  └─sysadm--vg-home   254:2    0 11.8G  0 lvm  /home
sdb                     8:16   0   20G  0 disk
sr0                    11:0    1 1024M  0 rom 
root@sysadm:# /sbin/lvdisplay
  --- Logical volume ---
  LV Path                /dev/sysadm-vg/root
  LV Name                root
  VG Name                sysadm-vg
  LV UUID                OoqMJ5-bjfd-YlKI-24ph-3rRu-qPJg-4vf24N
  LV Write Access        read/write
  LV Creation host, time sysadm, 2024-12-23 09:39:15 +0100
  LV Status              available
  # open                 1
  LV Size                <6.81 GiB
  Current LE             1743
  Segments               1
  Allocation             inherit
  Read ahead sectors     auto
  - currently set to     256
  Block device           254:0
   
  --- Logical volume ---
  LV Path                /dev/sysadm-vg/swap_1
  LV Name                swap_1
  VG Name                sysadm-vg
  LV UUID                SCF2DN-wx1z-COV9-jpdA-uJbd-akHU-u6PHpg
  LV Write Access        read/write
  LV Creation host, time sysadm, 2024-12-23 09:39:15 +0100
  LV Status              available
  # open                 2
  LV Size                976.00 MiB
  Current LE             244
  Segments               1
  Allocation             inherit
  Read ahead sectors     auto
  - currently set to     256
  Block device           254:1
   
  --- Logical volume ---
  LV Path                /dev/sysadm-vg/home
  LV Name                home
  VG Name                sysadm-vg
  LV UUID                2VAkON-DzdI-40bI-JXb3-ev6R-DEtH-35wATd
  LV Write Access        read/write
  LV Creation host, time sysadm, 2024-12-23 09:39:15 +0100
  LV Status              available
  # open                 1
  LV Size                <11.76 GiB
  Current LE             3010
  Segments               1
  Allocation             inherit
  Read ahead sectors     auto
  - currently set to     256
  Block device           254:2
root@sysadm:~# fdisk /dev/sdb
root@sysadm:~# pvcreate /dev/sdb1
  Physical volume "/dev/sdb" successfully created.
root@sysadm:~# vgextend sysadm-vg /dev/sdb1
  Volume group "sysadm-vg" successfully extended
root@sysadm:~# vgdisplay sysadm-vg
  --- Volume group ---
  VG Name               sysadm-vg
  System ID            
  Format                lvm2
  Metadata Areas        2
  Metadata Sequence No  5
  VG Access             read/write
  VG Status             resizable
  MAX LV                0
  Cur LV                3
  Open LV               3
  Max PV                0
  Cur PV                2
  Act PV                2
  VG Size               <39.52 GiB
  PE Size               4.00 MiB
  Total PE              10116
  Alloc PE / Size       4997 / <19.52 GiB
  Free  PE / Size       5119 / <20.00 GiB
  VG UUID               ipbCjr-qiO2-1qYW-ECbY-gecd-sZ2D-8oHKJn
root@sysadm:~# lvdisplay
  --- Logical volume ---
  LV Path                /dev/sysadm-vg/root
  LV Name                root
  VG Name                sysadm-vg
  LV UUID                OoqMJ5-bjfd-YlKI-24ph-3rRu-qPJg-4vf24N
  LV Write Access        read/write
  LV Creation host, time sysadm, 2024-12-23 09:39:15 +0100
  LV Status              available
  # open                 1
  LV Size                <6.81 GiB
  Current LE             1743
  Segments               1
  Allocation             inherit
  Read ahead sectors     auto
  - currently set to     256
  Block device           254:0
   
  --- Logical volume ---
  LV Path                /dev/sysadm-vg/swap_1
  LV Name                swap_1
  VG Name                sysadm-vg
  LV UUID                SCF2DN-wx1z-COV9-jpdA-uJbd-akHU-u6PHpg
  LV Write Access        read/write
  LV Creation host, time sysadm, 2024-12-23 09:39:15 +0100
  LV Status              available
  # open                 2
  LV Size                976.00 MiB
  Current LE             244
  Segments               1
  Allocation             inherit
  Read ahead sectors     auto
  - currently set to     256
  Block device           254:1
   
  --- Logical volume ---
  LV Path                /dev/sysadm-vg/home
  LV Name                home
  VG Name                sysadm-vg
  LV UUID                2VAkON-DzdI-40bI-JXb3-ev6R-DEtH-35wATd
  LV Write Access        read/write
  LV Creation host, time sysadm, 2024-12-23 09:39:15 +0100
  LV Status              available
  # open                 1
  LV Size                <11.76 GiB
  Current LE             3010
  Segments               1
  Allocation             inherit
  Read ahead sectors     auto
  - currently set to     256
  Block device           254:2
root@sysadm:~# lvcreate -L 11G -s -n home-snap /dev/sysadm-vg/home
  Logical volume "home-snap" created.
root@sysadm:~# lvdisplay
  --- Logical volume ---
  LV Path                /dev/sysadm-vg/root
  LV Name                root
  VG Name                sysadm-vg
  LV UUID                OoqMJ5-bjfd-YlKI-24ph-3rRu-qPJg-4vf24N
  LV Write Access        read/write
  LV Creation host, time sysadm, 2024-12-23 09:39:15 +0100
  LV Status              available
  # open                 1
  LV Size                <6.81 GiB
  Current LE             1743
  Segments               1
  Allocation             inherit
  Read ahead sectors     auto
  - currently set to     256
  Block device           254:0
   
  --- Logical volume ---
  LV Path                /dev/sysadm-vg/swap_1
  LV Name                swap_1
  VG Name                sysadm-vg
  LV UUID                SCF2DN-wx1z-COV9-jpdA-uJbd-akHU-u6PHpg
  LV Write Access        read/write
  LV Creation host, time sysadm, 2024-12-23 09:39:15 +0100
  LV Status              available
  # open                 2
  LV Size                976.00 MiB
  Current LE             244
  Segments               1
  Allocation             inherit
  Read ahead sectors     auto
  - currently set to     256
  Block device           254:1
   
  --- Logical volume ---
  LV Path                /dev/sysadm-vg/home
  LV Name                home
  VG Name                sysadm-vg
  LV UUID                2VAkON-DzdI-40bI-JXb3-ev6R-DEtH-35wATd
  LV Write Access        read/write
  LV Creation host, time sysadm, 2024-12-23 09:39:15 +0100
  LV snapshot status     source of
                         home-snap [active]
  LV Status              available
  # open                 1
  LV Size                <11.76 GiB
  Current LE             3010
  Segments               1
  Allocation             inherit
  Read ahead sectors     auto
  - currently set to     256
  Block device           254:2
   
  --- Logical volume ---
  LV Path                /dev/sysadm-vg/home-snap
  LV Name                home-snap
  VG Name                sysadm-vg
  LV UUID                BbcyEu-H8kD-xBRM-h1Eg-nK6Y-01eZ-hJifcw
  LV Write Access        read/write
  LV Creation host, time sysadm, 2024-12-23 11:44:14 +0100
  LV snapshot status     active destination for home
  LV Status              available
  # open                 0
  LV Size                <11.76 GiB
  Current LE             3010
  COW-table size         11.00 GiB
  COW-table LE           2816
  Allocated to snapshot  0.01%
  Snapshot chunk size    4.00 KiB
  Segments               1
  Allocation             inherit
  Read ahead sectors     auto
  - currently set to     256
  Block device           254:5
root@sysadm:~# mkdir /home-snap
root@sysadm:~# mount /dev/sysadm-vg/home-snap /home-snap/
root@sysadm:~# ls -l /home
total 20
drwx------  2 root   root   16384 Dec 23 09:39 lost+found
drwx------ 16 wilder wilder  4096 Dec 23 11:16 wilder
root@sysadm:~# ls -l /home-snap/
total 20
drwx------  2 root   root   16384 Dec 23 09:39 lost+found
drwx------ 16 wilder wilder  4096 Dec 23 11:16 wilder
root@sysadm:~# echo "Toto" > /home-snap/Toto.txt
root@sysadm:~# ls -l /home-snap/
total 24
drwx------  2 root   root   16384 Dec 23 09:39 lost+found
-rw-r--r--  1 root   root       5 Dec 23 11:49 Toto.txt
drwx------ 16 wilder wilder  4096 Dec 23 11:16 wilder
root@sysadm:~# ls -l /home
total 20
drwx------  2 root   root   16384 Dec 23 09:39 lost+found
drwx------ 16 wilder wilder  4096 Dec 23 11:16 wilder
root@sysadm:~# umount /home-snap
root@sysadm:~# ls -l /home-snap/
total 0
root@sysadm:~# rmdir /home-snap/
root@sysadm:~# lvremove /dev/sysadm-vg/home-snap
Do you really want to remove active logical volume sysadm-vg/home-snap? [y/n]: y
  Logical volume "home-snap" successfully removed.
root@sysadm:~# lvdisplay
  --- Logical volume ---
  LV Path                /dev/sysadm-vg/root
  LV Name                root
  VG Name                sysadm-vg
  LV UUID                OoqMJ5-bjfd-YlKI-24ph-3rRu-qPJg-4vf24N
  LV Write Access        read/write
  LV Creation host, time sysadm, 2024-12-23 09:39:15 +0100
  LV Status              available
  # open                 1
  LV Size                <6.81 GiB
  Current LE             1743
  Segments               1
  Allocation             inherit
  Read ahead sectors     auto
  - currently set to     256
  Block device           254:0
   
  --- Logical volume ---
  LV Path                /dev/sysadm-vg/swap_1
  LV Name                swap_1
  VG Name                sysadm-vg
  LV UUID                SCF2DN-wx1z-COV9-jpdA-uJbd-akHU-u6PHpg
  LV Write Access        read/write
  LV Creation host, time sysadm, 2024-12-23 09:39:15 +0100
  LV Status              available
  # open                 2
  LV Size                976.00 MiB
  Current LE             244
  Segments               1
  Allocation             inherit
  Read ahead sectors     auto
  - currently set to     256
  Block device           254:1
   
  --- Logical volume ---
  LV Path                /dev/sysadm-vg/home
  LV Name                home
  VG Name                sysadm-vg
  LV UUID                2VAkON-DzdI-40bI-JXb3-ev6R-DEtH-35wATd
  LV Write Access        read/write
  LV Creation host, time sysadm, 2024-12-23 09:39:15 +0100
  LV Status              available
  # open                 1
  LV Size                <11.76 GiB
  Current LE             3010
  Segments               1
  Allocation             inherit
  Read ahead sectors     auto
  - currently set to     256
  Block device           254:2